2025-12-30 00:05:40,809 [INFO] MainWindow: Инициализация приложения
2025-12-30 00:05:40,818 [INFO] MainWindow: Загружено клиентов: 43
2025-12-30 00:08:52,514 [INFO] MainWindow: Инициализация приложения
2025-12-30 00:08:52,521 [INFO] MainWindow: Загружено клиентов: 42
2025-12-30 00:12:07,220 [INFO] Widgets: Изменен срок заказа ebf0fab9-18a8-42b8-a693-32cd3c2cf31c: 29.12.2025
2025-12-30 00:12:07,250 [INFO] Widgets: Изменен срок заказа ebf0fab9-18a8-42b8-a693-32cd3c2cf31c: 28.12.2025
2025-12-30 00:12:07,291 [INFO] Widgets: Изменен срок заказа ebf0fab9-18a8-42b8-a693-32cd3c2cf31c: 27.12.2025
2025-12-30 00:12:07,317 [INFO] Widgets: Изменен срок заказа ebf0fab9-18a8-42b8-a693-32cd3c2cf31c: 26.12.2025
2025-12-30 00:12:07,348 [INFO] Widgets: Изменен срок заказа ebf0fab9-18a8-42b8-a693-32cd3c2cf31c: 25.12.2025
2025-12-30 00:12:07,651 [INFO] Widgets: Изменен срок заказа ebf0fab9-18a8-42b8-a693-32cd3c2cf31c: 26.12.2025
2025-12-30 00:12:07,698 [INFO] Widgets: Изменен срок заказа ebf0fab9-18a8-42b8-a693-32cd3c2cf31c: 27.12.2025
2025-12-30 00:12:07,723 [INFO] Widgets: Изменен срок заказа ebf0fab9-18a8-42b8-a693-32cd3c2cf31c: 28.12.2025
2025-12-30 00:12:54,265 [INFO] MainWindow: Инициализация приложения
2025-12-30 00:12:54,273 [INFO] MainWindow: Загружено клиентов: 42
2025-12-30 00:13:54,776 [INFO] MainWindow: Инициализация приложения
2025-12-30 00:13:54,778 [INFO] MainWindow: Загружено клиентов: 42
2025-12-30 10:47:22,133 [INFO] MainWindow: Инициализация приложения
2025-12-30 10:47:22,145 [INFO] MainWindow: Загружено клиентов: 42
2025-12-30 11:10:26,812 [INFO] MainWindow: Инициализация приложения
2025-12-30 11:10:26,814 [INFO] MainWindow: Загружено клиентов: 42
2025-12-30 11:11:43,914 [INFO] MainWindow: Инициализация приложения
2025-12-30 11:11:43,915 [INFO] MainWindow: Загружено клиентов: 42
2025-12-30 11:26:16,392 [INFO] MainWindow: Инициализация приложения
2025-12-30 11:26:16,394 [INFO] MainWindow: Загружено клиентов: 42
2025-12-30 11:30:20,047 [INFO] MainWindow: Инициализация приложения
2025-12-30 11:30:20,049 [INFO] MainWindow: Загружено клиентов: 2
2025-12-30 11:35:07,738 [INFO] MainWindow: Инициализация приложения
2025-12-30 11:35:07,739 [INFO] MainWindow: Загружено клиентов: 2
2025-12-30 11:48:09,680 [INFO] MainWindow: Инициализация приложения
2025-12-30 11:48:09,680 [INFO] MainWindow: Загружено клиентов: 2
2025-12-30 11:51:38,803 [INFO] MainWindow: Инициализация приложения
2025-12-30 11:51:38,804 [INFO] MainWindow: Загружено клиентов: 2
2025-12-30 12:19:26,439 [INFO] MainQML: Загрузка QML файла: a:\clienty\qml\MainWindow.qml
2025-12-30 12:19:26,496 [ERROR] MainQML: Не удалось загрузить QML файл
2025-12-30 12:23:21,884 [INFO] MainQML: Загрузка QML файла: a:\clienty\qml\MainWindow.qml
2025-12-30 12:23:21,920 [ERROR] MainQML: Не удалось загрузить QML файл
2025-12-30 15:33:58,464 [INFO] TestMainWindow: Backend создан
2025-12-30 15:33:58,467 [INFO] TestMainWindow: Backend установлен в контекст
2025-12-30 15:33:58,467 [INFO] TestMainWindow: Загрузка QML файла: a:\clienty\qml\SimpleMainWindow.qml
2025-12-30 15:33:58,467 [INFO] TestMainWindow: Файл существует: True
2025-12-30 15:33:58,770 [INFO] TestMainWindow: QML файл загружен успешно!
2025-12-30 15:38:22,165 [INFO] TestMainWindow: Backend создан
2025-12-30 15:38:22,168 [INFO] TestMainWindow: Backend установлен в контекст
2025-12-30 15:38:22,169 [INFO] TestMainWindow: Загрузка QML файла: a:\clienty\qml\MainWindowWorking.qml
2025-12-30 15:38:22,169 [INFO] TestMainWindow: Файл существует: True
2025-12-30 15:38:22,206 [ERROR] TestMainWindow: Не удалось загрузить QML файл!
2025-12-30 15:39:47,672 [INFO] TestMainWindow: Backend создан
2025-12-30 15:39:47,674 [INFO] TestMainWindow: Backend установлен в контекст
2025-12-30 15:39:47,675 [INFO] TestMainWindow: Загрузка QML файла: a:\clienty\qml\MinimalWindow.qml
2025-12-30 15:39:47,675 [INFO] TestMainWindow: Файл существует: True
2025-12-30 15:39:47,895 [INFO] TestMainWindow: QML файл загружен успешно!
2025-12-30 15:43:05,952 [INFO] TestMainWindow: Backend создан
2025-12-30 15:43:05,955 [INFO] TestMainWindow: Backend установлен в контекст
2025-12-30 15:43:05,955 [INFO] TestMainWindow: Загрузка QML файла: a:\clienty\qml\MinimalWindow.qml
2025-12-30 15:43:05,955 [INFO] TestMainWindow: Файл существует: True
2025-12-30 15:43:06,156 [INFO] TestMainWindow: QML файл загружен успешно!
2025-12-30 15:48:08,349 [INFO] TestMainWindow: Backend создан
2025-12-30 15:48:08,352 [INFO] TestMainWindow: Backend установлен в контекст
2025-12-30 15:48:08,352 [INFO] TestMainWindow: Загрузка QML файла: a:\clienty\qml\MainWindowWorking.qml
2025-12-30 15:48:08,352 [INFO] TestMainWindow: Файл существует: True
2025-12-30 15:48:08,615 [ERROR] TestMainWindow: Не удалось загрузить QML файл!
2025-12-30 15:50:32,353 [INFO] TestMainWindow: Backend создан
2025-12-30 15:50:32,355 [INFO] TestMainWindow: Backend установлен в контекст
2025-12-30 15:50:32,355 [INFO] TestMainWindow: Загрузка QML файла: a:\clienty\qml\MainWindowWorking.qml
2025-12-30 15:50:32,355 [INFO] TestMainWindow: Файл существует: True
2025-12-30 15:50:32,552 [ERROR] TestMainWindow: Не удалось загрузить QML файл!
2025-12-30 15:52:38,872 [INFO] TestMainWindow: Backend создан
2025-12-30 15:52:38,874 [INFO] TestMainWindow: Backend установлен в контекст
2025-12-30 15:52:38,874 [INFO] TestMainWindow: Загрузка QML файла: a:\clienty\qml\MainWindowWorking.qml
2025-12-30 15:52:38,875 [INFO] TestMainWindow: Файл существует: True
2025-12-30 15:52:39,329 [INFO] TestMainWindow: QML файл загружен успешно!
2025-12-30 15:56:29,996 [INFO] MainQML: Загрузка QML файла: a:\clienty\qml\MainWindowWorking.qml
2025-12-30 15:56:30,494 [INFO] MainQML: Приложение успешно запущено
2025-12-30 15:56:37,006 [INFO] MainQML: Приложение завершено с кодом: 0
2025-12-30 16:03:56,092 [INFO] MainWindow: Инициализация приложения
2025-12-30 16:03:56,093 [INFO] MainWindow: Загружено клиентов: 2
2025-12-30 16:20:01,207 [ERROR] Main: Не удалось загрузить MainWindowFull.qml
2025-12-30 16:22:25,623 [ERROR] Main: Не удалось загрузить MainWindowFull.qml
2025-12-30 16:22:53,666 [INFO] MainQML: Загрузка QML файла: a:\clienty\qml\MainWindowWorking.qml
2025-12-30 16:22:54,173 [INFO] MainQML: Приложение успешно запущено
2025-12-30 16:23:05,764 [INFO] MainQML: Приложение завершено с кодом: 0
2025-12-30 16:25:50,875 [INFO] MainQML: Загрузка QML файла: a:\clienty\qml\MainWindowWorking.qml
2025-12-30 16:25:51,383 [INFO] MainQML: Приложение успешно запущено
2025-12-30 16:25:58,561 [INFO] MainQML: Приложение завершено с кодом: 0
2025-12-30 18:27:44,369 [INFO] MainQML: Загрузка QML файла: a:\clienty\qml\MainWindowWorking.qml
2025-12-30 18:27:44,931 [INFO] MainQML: Приложение успешно запущено
2025-12-30 18:28:08,593 [INFO] MainQML: Приложение завершено с кодом: 0
2025-12-30 18:39:54,415 [INFO] MainQML: Загрузка QML файла: a:\clienty\qml\MainWindowWorking.qml
2025-12-30 18:39:54,902 [INFO] MainQML: Приложение успешно запущено
2025-12-30 18:40:12,433 [INFO] MainQML: Приложение завершено с кодом: 0
2025-12-30 18:42:56,329 [INFO] MainQML: Загрузка QML файла: a:\clienty\qml\MainWindowWorking.qml
2025-12-30 18:42:56,855 [INFO] MainQML: Приложение успешно запущено
2025-12-30 18:43:08,580 [INFO] MainQML: Приложение завершено с кодом: 0
2025-12-30 19:08:36,614 [ERROR] Main: Не удалось загрузить MainWindowFull.qml
2025-12-30 19:09:41,643 [ERROR] Main: Не удалось загрузить MainWindowFull.qml
2025-12-30 19:10:15,121 [ERROR] Main: Не удалось загрузить MainWindowFull.qml
2025-12-30 19:10:53,135 [ERROR] Main: QML Error: file:///a:/clienty/qml/MainWindowFull.qml:1010:51: Expected token `,'
2025-12-30 19:10:53,135 [ERROR] Main: Не удалось загрузить MainWindowFull.qml
2025-12-30 19:11:22,005 [ERROR] Main: QML Error: file:///a:/clienty/qml/MainWindowFull.qml:5:1: module "Qt.labs.platform" is not installed
2025-12-30 19:11:22,005 [ERROR] Main: Не удалось загрузить MainWindowFull.qml
2025-12-30 19:11:51,925 [ERROR] Main: QML Error: file:///a:/clienty/qml/MainWindowFull.qml:5:1: module "Qt.labs.platform" is not installed
2025-12-30 19:11:51,925 [ERROR] Main: Не удалось загрузить MainWindowFull.qml
2025-12-30 19:13:01,837 [ERROR] Main: QML Error: file:///a:/clienty/qml/MainWindowFull.qml:174:25: Type Menu unavailable
2025-12-30 19:13:01,837 [ERROR] Main: QML Error: qrc:/qt-project.org/imports/QtQuick/Controls/Windows/Menu.qml:33:15: Type MenuItem unavailable
2025-12-30 19:13:01,837 [ERROR] Main: QML Error: qrc:/qt-project.org/imports/QtQuick/Controls/Windows/MenuItem.qml:8:1: Невозможно загрузить библиотеку C:\Users\fande\AppData\Roaming\Python\Python314\site-packages\PyQt6\Qt6\qml\QtQuick\Controls\Windows\impl\qtquickcontrols2windowsstyleimplplugin.dll: Не найден указанный модуль.
2025-12-30 19:13:01,837 [ERROR] Main: Не удалось загрузить MainWindowFull.qml
2025-12-30 19:14:17,855 [ERROR] Main: QML Error: file:///a:/clienty/qml/MainWindowFull.qml:18:46: Invalid alias reference. Unable to find id "clientOrdersExportDialog"
2025-12-30 19:14:17,856 [ERROR] Main: Не удалось загрузить MainWindowFull.qml
2025-12-30 19:16:27,054 [ERROR] Main: QML Error: file:///a:/clienty/qml/MainWindowFull.qml:907:5: QML Dialog: Binding loop detected for property "implicitWidth":
qrc:/qt-project.org/imports/QtQuick/Controls/Basic/Dialog.qml:12:5
2025-12-30 19:16:27,054 [ERROR] Main: QML Error: file:///a:/clienty/qml/MainWindowFull.qml:907:5: QML Dialog: Binding loop detected for property "implicitWidth":
qrc:/qt-project.org/imports/QtQuick/Controls/Basic/Dialog.qml:12:5
2025-12-30 19:16:27,055 [ERROR] Main: QML Error: file:///a:/clienty/qml/MainWindowFull.qml:856:5: QML Dialog: Binding loop detected for property "implicitWidth":
qrc:/qt-project.org/imports/QtQuick/Controls/Basic/Dialog.qml:12:5
2025-12-30 19:16:27,056 [ERROR] Main: QML Error: file:///a:/clienty/qml/MainWindowFull.qml:856:5: QML Dialog: Binding loop detected for property "implicitWidth":
qrc:/qt-project.org/imports/QtQuick/Controls/Basic/Dialog.qml:12:5
2025-12-30 19:16:27,385 [ERROR] Main: QML Error: file:///a:/clienty/qml/MainWindowFull.qml:160: TypeError: Cannot read property 'currentIndex' of null
2025-12-30 19:16:27,385 [ERROR] Main: QML Error: file:///a:/clienty/qml/MainWindowFull.qml:159: TypeError: Cannot read property 'currentIndex' of null
2025-12-30 19:16:27,386 [ERROR] Main: QML Error: file:///a:/clienty/qml/MainWindowFull.qml:924:21: Unable to assign [undefined] to QString
2025-12-30 19:16:27,386 [ERROR] Main: QML Error: file:///a:/clienty/qml/MainWindowFull.qml:731: ReferenceError: client is not defined
2025-12-30 19:16:27,386 [ERROR] Main: QML Error: file:///a:/clienty/qml/MainWindowFull.qml:750: ReferenceError: client is not defined
2025-12-30 19:16:27,386 [ERROR] Main: QML Error: file:///a:/clienty/qml/MainWindowFull.qml:769: ReferenceError: client is not defined
2025-12-30 19:16:27,386 [ERROR] Main: QML Error: file:///a:/clienty/qml/MainWindowFull.qml:789: ReferenceError: client is not defined
2025-12-30 19:16:27,387 [INFO] Main: Приложение успешно запущено
2025-12-30 19:16:27,404 [ERROR] Main: QML Error: file:///a:/clienty/qml/MainWindowFull.qml:160: TypeError: Cannot read property 'currentIndex' of null
2025-12-30 19:16:27,404 [ERROR] Main: QML Error: file:///a:/clienty/qml/MainWindowFull.qml:159: TypeError: Cannot read property 'currentIndex' of null
2025-12-30 19:16:38,586 [ERROR] Main: QML Error: file:///a:/clienty/qml/MainWindowFull.qml:160: TypeError: Cannot read property 'currentIndex' of null
2025-12-30 19:16:39,254 [ERROR] Main: QML Error: file:///a:/clienty/qml/MainWindowFull.qml:453: TypeError: Cannot read property 'serviceType' of undefined
2025-12-30 19:16:39,254 [ERROR] Main: QML Error: file:///a:/clienty/qml/MainWindowFull.qml:460: TypeError: Cannot read property 'price' of undefined
2025-12-30 19:16:39,254 [ERROR] Main: QML Error: file:///a:/clienty/qml/MainWindowFull.qml:468: TypeError: Cannot read property 'status' of undefined
2025-12-30 19:16:40,267 [ERROR] Main: QML Error: file:///a:/clienty/qml/MainWindowFull.qml:160: TypeError: Cannot read property 'currentIndex' of null
2025-12-30 19:16:42,269 [ERROR] Main: QML Error: file:///a:/clienty/qml/MainWindowFull.qml:160: TypeError: Cannot read property 'currentIndex' of null
2025-12-30 19:16:42,499 [ERROR] Main: QML Error: file:///a:/clienty/qml/MainWindowFull.qml:453: TypeError: Cannot read property 'serviceType' of undefined
2025-12-30 19:16:42,499 [ERROR] Main: QML Error: file:///a:/clienty/qml/MainWindowFull.qml:460: TypeError: Cannot read property 'price' of undefined
2025-12-30 19:16:42,499 [ERROR] Main: QML Error: file:///a:/clienty/qml/MainWindowFull.qml:468: TypeError: Cannot read property 'status' of undefined
2025-12-30 19:16:42,662 [ERROR] Main: QML Error: file:///a:/clienty/qml/MainWindowFull.qml:160: TypeError: Cannot read property 'currentIndex' of null
2025-12-30 19:16:43,202 [ERROR] Main: QML Error: file:///a:/clienty/qml/MainWindowFull.qml:160: TypeError: Cannot read property 'currentIndex' of null
2025-12-30 19:16:43,977 [ERROR] Main: QML Error: file:///a:/clienty/qml/MainWindowFull.qml:160: TypeError: Cannot read property 'currentIndex' of null
2025-12-30 19:16:44,297 [ERROR] Main: QML Error: file:///a:/clienty/qml/MainWindowFull.qml:453: TypeError: Cannot read property 'serviceType' of undefined
2025-12-30 19:16:44,297 [ERROR] Main: QML Error: file:///a:/clienty/qml/MainWindowFull.qml:460: TypeError: Cannot read property 'price' of undefined
2025-12-30 19:16:44,297 [ERROR] Main: QML Error: file:///a:/clienty/qml/MainWindowFull.qml:468: TypeError: Cannot read property 'status' of undefined
2025-12-30 19:16:45,010 [ERROR] Main: QML Error: file:///a:/clienty/qml/MainWindowFull.qml:160: TypeError: Cannot read property 'currentIndex' of null
2025-12-30 19:16:45,032 [ERROR] Main: QML Error: file:///a:/clienty/qml/MainWindowFull.qml:160: TypeError: Cannot read property 'currentIndex' of null
2025-12-30 19:16:54,412 [ERROR] Main: QML Error: file:///a:/clienty/qml/MainWindowFull.qml:24: TypeError: Property 'save_database' of object CRMBackend(0x1d1bc70e800) is not a function
2025-12-30 19:16:54,432 [INFO] Main: Приложение завершено с кодом: 0
2025-12-30 19:17:50,938 [ERROR] Main: QML Error: file:///a:/clienty/qml/MainWindowFull.qml:908:5: QML Dialog: Binding loop detected for property "implicitWidth":
qrc:/qt-project.org/imports/QtQuick/Controls/Basic/Dialog.qml:12:5
2025-12-30 19:17:50,939 [ERROR] Main: QML Error: file:///a:/clienty/qml/MainWindowFull.qml:908:5: QML Dialog: Binding loop detected for property "implicitWidth":
qrc:/qt-project.org/imports/QtQuick/Controls/Basic/Dialog.qml:12:5
2025-12-30 19:17:50,940 [ERROR] Main: QML Error: file:///a:/clienty/qml/MainWindowFull.qml:857:5: QML Dialog: Binding loop detected for property "implicitWidth":
qrc:/qt-project.org/imports/QtQuick/Controls/Basic/Dialog.qml:12:5
2025-12-30 19:17:50,940 [ERROR] Main: QML Error: file:///a:/clienty/qml/MainWindowFull.qml:857:5: QML Dialog: Binding loop detected for property "implicitWidth":
qrc:/qt-project.org/imports/QtQuick/Controls/Basic/Dialog.qml:12:5
2025-12-30 19:17:51,266 [ERROR] Main: QML Error: file:///a:/clienty/qml/MainWindowFull.qml:925:21: Unable to assign [undefined] to QString
2025-12-30 19:17:51,267 [INFO] Main: Приложение успешно запущено
2025-12-30 19:18:05,867 [ERROR] Main: QML Error: file:///a:/clienty/qml/MainWindowFull.qml:834: ReferenceError: client is not defined
2025-12-30 19:18:08,335 [ERROR] Main: QML Error: file:///a:/clienty/qml/MainWindowFull.qml:834: ReferenceError: client is not defined
2025-12-30 19:18:09,085 [ERROR] Main: QML Error: file:///a:/clienty/qml/MainWindowFull.qml:834: ReferenceError: client is not defined
2025-12-30 19:18:20,120 [INFO] Backend: База данных сохранена
2025-12-30 19:18:20,135 [INFO] Main: Приложение завершено с кодом: 0
2025-12-30 19:18:34,270 [ERROR] Main: QML Error: file:///a:/clienty/qml/MainWindowFull.qml:908:5: QML Dialog: Binding loop detected for property "implicitWidth":
qrc:/qt-project.org/imports/QtQuick/Controls/Basic/Dialog.qml:12:5
2025-12-30 19:18:34,270 [ERROR] Main: QML Error: file:///a:/clienty/qml/MainWindowFull.qml:908:5: QML Dialog: Binding loop detected for property "implicitWidth":
qrc:/qt-project.org/imports/QtQuick/Controls/Basic/Dialog.qml:12:5
2025-12-30 19:18:34,271 [ERROR] Main: QML Error: file:///a:/clienty/qml/MainWindowFull.qml:857:5: QML Dialog: Binding loop detected for property "implicitWidth":
qrc:/qt-project.org/imports/QtQuick/Controls/Basic/Dialog.qml:12:5
2025-12-30 19:18:34,271 [ERROR] Main: QML Error: file:///a:/clienty/qml/MainWindowFull.qml:857:5: QML Dialog: Binding loop detected for property "implicitWidth":
qrc:/qt-project.org/imports/QtQuick/Controls/Basic/Dialog.qml:12:5
2025-12-30 19:18:34,581 [ERROR] Main: QML Error: file:///a:/clienty/qml/MainWindowFull.qml:925:21: Unable to assign [undefined] to QString
2025-12-30 19:18:34,582 [INFO] Main: Приложение успешно запущено
2025-12-30 19:18:55,255 [ERROR] Main: QML Error: file:///a:/clienty/qml/MainWindowFull.qml:804: TypeError: Property 'filesExportRequested' of object MainWindowFull_QMLTYPE_23(0x1e2029ab700) is not a function
2025-12-30 19:18:56,555 [ERROR] Main: QML Error: file:///a:/clienty/qml/MainWindowFull.qml:810: TypeError: Property 'ordersExportRequested' of object MainWindowFull_QMLTYPE_23(0x1e2029ab700) is not a function
2025-12-30 19:18:57,637 [ERROR] Main: QML Error: file:///a:/clienty/qml/MainWindowFull.qml:818: ReferenceError: client is not defined
2025-12-30 19:18:59,682 [INFO] Backend: База данных сохранена
2025-12-30 19:19:08,150 [ERROR] Main: QML Error: file:///a:/clienty/qml/MainWindowFull.qml:677: ReferenceError: client is not defined
2025-12-30 19:19:11,265 [INFO] Backend: База данных сохранена
2025-12-30 19:19:11,284 [INFO] Main: Приложение завершено с кодом: 0
2025-12-30 19:19:35,842 [ERROR] Main: QML Error: file:///a:/clienty/qml/MainWindowFull.qml:911:5: QML Dialog: Binding loop detected for property "implicitWidth":
qrc:/qt-project.org/imports/QtQuick/Controls/Basic/Dialog.qml:12:5
2025-12-30 19:19:35,843 [ERROR] Main: QML Error: file:///a:/clienty/qml/MainWindowFull.qml:911:5: QML Dialog: Binding loop detected for property "implicitWidth":
qrc:/qt-project.org/imports/QtQuick/Controls/Basic/Dialog.qml:12:5
2025-12-30 19:19:35,844 [ERROR] Main: QML Error: file:///a:/clienty/qml/MainWindowFull.qml:860:5: QML Dialog: Binding loop detected for property "implicitWidth":
qrc:/qt-project.org/imports/QtQuick/Controls/Basic/Dialog.qml:12:5
2025-12-30 19:19:35,844 [ERROR] Main: QML Error: file:///a:/clienty/qml/MainWindowFull.qml:860:5: QML Dialog: Binding loop detected for property "implicitWidth":
qrc:/qt-project.org/imports/QtQuick/Controls/Basic/Dialog.qml:12:5
2025-12-30 19:19:36,187 [ERROR] Main: QML Error: file:///a:/clienty/qml/MainWindowFull.qml:928:21: Unable to assign [undefined] to QString
2025-12-30 19:19:36,187 [INFO] Main: Приложение успешно запущено
2025-12-30 19:19:48,316 [INFO] Backend: База данных сохранена
2025-12-30 19:19:48,316 [ERROR] Main: QML Error: file:///a:/clienty/qml/MainWindowFull.qml:38: Error: Cannot assign to non-existent property "text"
2025-12-30 19:19:48,317 [ERROR] Main: QML Error: file:///a:/clienty/qml/MainWindowFull.qml:38: Error: Cannot assign to non-existent property "text"
2025-12-30 19:19:59,626 [ERROR] Main: QML Error: file:///a:/clienty/qml/ClientOrdersExportDialog.qml:17: TypeError: Property 'clear' of object QQuickListView(0x14bdaae53b0) is not a function
2025-12-30 19:20:14,528 [INFO] Backend: База данных сохранена
2025-12-30 19:20:14,528 [INFO] Backend: Удален клиент: 1
2025-12-30 19:20:14,528 [ERROR] Main: QML Error: file:///a:/clienty/qml/MainWindowFull.qml:38: Error: Cannot assign to non-existent property "text"
2025-12-30 19:20:21,117 [INFO] Backend: База данных сохранена
2025-12-30 19:20:21,118 [INFO] Backend: Добавлен новый клиент: 1
2025-12-30 19:20:21,118 [ERROR] Main: QML Error: file:///a:/clienty/qml/MainWindowFull.qml:38: Error: Cannot assign to non-existent property "text"
2025-12-30 19:20:28,204 [INFO] Backend: База данных сохранена
2025-12-30 19:20:28,204 [INFO] Backend: Добавлен заказ 'Монтаж звука' для клиента 1
2025-12-30 19:20:28,204 [ERROR] Main: QML Error: file:///a:/clienty/qml/MainWindowFull.qml:38: Error: Cannot assign to non-existent property "text"
2025-12-30 19:20:31,901 [INFO] Backend: База данных сохранена
2025-12-30 19:20:31,921 [INFO] Main: Приложение завершено с кодом: 0
2025-12-30 19:20:49,460 [ERROR] Main: QML Error: file:///a:/clienty/qml/MainWindowFull.qml:911:5: QML Dialog: Binding loop detected for property "implicitWidth":
qrc:/qt-project.org/imports/QtQuick/Controls/Basic/Dialog.qml:12:5
2025-12-30 19:20:49,460 [ERROR] Main: QML Error: file:///a:/clienty/qml/MainWindowFull.qml:911:5: QML Dialog: Binding loop detected for property "implicitWidth":
qrc:/qt-project.org/imports/QtQuick/Controls/Basic/Dialog.qml:12:5
2025-12-30 19:20:49,461 [ERROR] Main: QML Error: file:///a:/clienty/qml/MainWindowFull.qml:860:5: QML Dialog: Binding loop detected for property "implicitWidth":
qrc:/qt-project.org/imports/QtQuick/Controls/Basic/Dialog.qml:12:5
2025-12-30 19:20:49,462 [ERROR] Main: QML Error: file:///a:/clienty/qml/MainWindowFull.qml:860:5: QML Dialog: Binding loop detected for property "implicitWidth":
qrc:/qt-project.org/imports/QtQuick/Controls/Basic/Dialog.qml:12:5
2025-12-30 19:20:49,784 [ERROR] Main: QML Error: file:///a:/clienty/qml/MainWindowFull.qml:928:21: Unable to assign [undefined] to QString
2025-12-30 19:20:49,785 [INFO] Main: Приложение успешно запущено
2025-12-30 19:21:06,692 [INFO] Backend: База данных сохранена
2025-12-30 19:21:06,692 [ERROR] Main: QML Error: file:///a:/clienty/qml/MainWindowFull.qml:38: Error: Cannot assign to non-existent property "text"
2025-12-30 19:21:16,912 [INFO] Backend: База данных сохранена
2025-12-30 19:21:19,986 [INFO] Backend: База данных сохранена
2025-12-30 19:21:20,002 [INFO] Main: Приложение завершено с кодом: 0
2025-12-30 19:22:30,540 [ERROR] Main: QML Error: file:///a:/clienty/qml/MainWindowFull.qml:911:5: QML Dialog: Binding loop detected for property "implicitWidth":
qrc:/qt-project.org/imports/QtQuick/Controls/Basic/Dialog.qml:12:5
2025-12-30 19:22:30,540 [ERROR] Main: QML Error: file:///a:/clienty/qml/MainWindowFull.qml:911:5: QML Dialog: Binding loop detected for property "implicitWidth":
qrc:/qt-project.org/imports/QtQuick/Controls/Basic/Dialog.qml:12:5
2025-12-30 19:22:30,541 [ERROR] Main: QML Error: file:///a:/clienty/qml/MainWindowFull.qml:860:5: QML Dialog: Binding loop detected for property "implicitWidth":
qrc:/qt-project.org/imports/QtQuick/Controls/Basic/Dialog.qml:12:5
2025-12-30 19:22:30,541 [ERROR] Main: QML Error: file:///a:/clienty/qml/MainWindowFull.qml:860:5: QML Dialog: Binding loop detected for property "implicitWidth":
qrc:/qt-project.org/imports/QtQuick/Controls/Basic/Dialog.qml:12:5
2025-12-30 19:22:30,855 [INFO] Main: Приложение успешно запущено
2025-12-30 19:22:38,482 [INFO] Backend: База данных сохранена
2025-12-30 19:22:38,482 [INFO] Backend: Добавлен заказ 'Монтаж звука' для клиента 2
2025-12-30 19:22:43,238 [INFO] Backend: База данных сохранена
2025-12-30 19:22:43,252 [INFO] Main: Приложение завершено с кодом: 0
2025-12-30 19:27:19,992 [INFO] MainWindow: Инициализация приложения
2025-12-30 19:27:20,002 [INFO] MainWindow: Загружено клиентов: 2
