2026-01-02 00:08:20,503 [INFO] MainWindow: Инициализация приложения
2026-01-02 00:08:20,513 [INFO] SQLiteStorage: SQLite: Database initialized successfully.
2026-01-02 00:08:20,513 [INFO] Backend: Первый запуск приложения: требуется настройка.
2026-01-02 14:54:08,137 [INFO] MainWindow: Инициализация приложения
2026-01-02 14:54:08,147 [INFO] SQLiteStorage: SQLite: Database initialized successfully.
2026-01-02 14:54:08,148 [INFO] Backend: Первый запуск приложения: требуется настройка.
2026-01-02 14:54:34,295 [INFO] MainWindow: Инициализация приложения
2026-01-02 14:54:34,304 [INFO] SQLiteStorage: SQLite: Database initialized successfully.
2026-01-02 14:54:34,305 [INFO] Backend: Первый запуск приложения: требуется настройка.
2026-01-02 14:57:54,252 [INFO] MainWindow: Инициализация приложения
2026-01-02 14:57:54,254 [INFO] SQLiteStorage: SQLite: Database initialized successfully.
2026-01-02 14:57:54,254 [INFO] Backend: Первый запуск приложения: требуется настройка.
2026-01-02 15:54:23,785 [INFO] MainWindow: Инициализация приложения
2026-01-02 15:54:23,806 [INFO] SQLiteStorage: SQLite: Database initialized successfully.
2026-01-02 15:54:23,807 [INFO] Backend: Первый запуск приложения: требуется настройка.
2026-01-02 21:33:10,762 [INFO] MainWindow: Инициализация приложения
2026-01-02 21:33:10,779 [INFO] SQLiteStorage: SQLite: Database initialized successfully.
2026-01-02 21:33:10,780 [INFO] Backend: Первый запуск приложения: требуется настройка.
2026-01-02 21:36:12,003 [INFO] Backend: Загружено клиентов: 0
2026-01-02 21:36:12,004 [INFO] Backend: Backend настроен: DB Path=S:\Kirill Fandeev\Programs\client_manager\23\pro_database.db, File Storage=link, Encryption=True, App Password=No
2026-01-02 21:36:12,009 [INFO] MainWindow: Первоначальная настройка завершена и сохранена.
2026-01-02 21:36:29,480 [INFO] MainWindow: Инициализация приложения
2026-01-02 21:36:29,543 [INFO] SQLiteStorage: SQLite: Database initialized successfully.
2026-01-02 21:36:29,544 [INFO] Backend: Безопасность настроена, пароль не требуется. Загружаем данные.
2026-01-02 21:36:29,558 [INFO] Backend: Загружено клиентов: 0
2026-01-02 21:38:15,706 [INFO] Backend: Добавлен новый клиент: 123344
2026-01-02 21:38:15,707 [INFO] MainWindow: Добавлен новый клиент: 123344
2026-01-02 21:42:20,806 [INFO] Backend: Добавлен заказ 'Аранжировка' для клиента 123344
2026-01-02 21:42:23,473 [DEBUG] Backend: Полное обновление данных клиента '123344' (ID: 873d85cd-292a-4690-b058-40b14ae2b9d4)
2026-01-02 21:42:23,532 [DEBUG] Backend: Полное обновление данных клиента '123344' (ID: 873d85cd-292a-4690-b058-40b14ae2b9d4)
2026-01-02 21:42:24,232 [DEBUG] Backend: Полное обновление данных клиента '123344' (ID: 873d85cd-292a-4690-b058-40b14ae2b9d4)
2026-01-02 21:42:24,291 [DEBUG] Backend: Полное обновление данных клиента '123344' (ID: 873d85cd-292a-4690-b058-40b14ae2b9d4)
2026-01-02 21:42:26,158 [DEBUG] Backend: Полное обновление данных клиента '123344' (ID: 873d85cd-292a-4690-b058-40b14ae2b9d4)
2026-01-02 21:42:26,216 [DEBUG] Backend: Полное обновление данных клиента '123344' (ID: 873d85cd-292a-4690-b058-40b14ae2b9d4)
2026-01-02 21:42:27,017 [DEBUG] Backend: Полное обновление данных клиента '123344' (ID: 873d85cd-292a-4690-b058-40b14ae2b9d4)
2026-01-02 21:42:27,067 [DEBUG] Backend: Полное обновление данных клиента '123344' (ID: 873d85cd-292a-4690-b058-40b14ae2b9d4)
2026-01-02 21:42:31,592 [DEBUG] Backend: Полное обновление данных клиента '123344' (ID: 873d85cd-292a-4690-b058-40b14ae2b9d4)
2026-01-02 21:42:31,659 [DEBUG] Backend: Полное обновление данных клиента '123344' (ID: 873d85cd-292a-4690-b058-40b14ae2b9d4)
2026-01-02 21:42:33,184 [DEBUG] Backend: Полное обновление данных клиента '123344' (ID: 873d85cd-292a-4690-b058-40b14ae2b9d4)
2026-01-02 21:42:33,243 [DEBUG] Backend: Полное обновление данных клиента '123344' (ID: 873d85cd-292a-4690-b058-40b14ae2b9d4)
2026-01-02 21:42:43,262 [DEBUG] Backend: Полное обновление данных клиента '123344' (ID: 873d85cd-292a-4690-b058-40b14ae2b9d4)
2026-01-02 21:42:50,979 [DEBUG] Backend: Полное обновление данных клиента '123344' (ID: 873d85cd-292a-4690-b058-40b14ae2b9d4)
2026-01-02 21:42:55,621 [DEBUG] Backend: Полное обновление данных клиента '123344' (ID: 873d85cd-292a-4690-b058-40b14ae2b9d4)
2026-01-02 21:42:55,754 [DEBUG] Backend: Полное обновление данных клиента '123344' (ID: 873d85cd-292a-4690-b058-40b14ae2b9d4)
2026-01-02 21:42:55,830 [DEBUG] Backend: Полное обновление данных клиента '123344' (ID: 873d85cd-292a-4690-b058-40b14ae2b9d4)
2026-01-02 21:43:13,387 [INFO] Widgets: Добавление файла в заказ: Сверчок.sib
2026-01-02 21:58:04,010 [DEBUG] Backend: Полное обновление данных клиента '123344' (ID: 873d85cd-292a-4690-b058-40b14ae2b9d4)
2026-01-02 21:58:04,177 [DEBUG] Backend: Полное обновление данных клиента '123344' (ID: 873d85cd-292a-4690-b058-40b14ae2b9d4)
2026-01-02 21:58:04,394 [DEBUG] Backend: Полное обновление данных клиента '123344' (ID: 873d85cd-292a-4690-b058-40b14ae2b9d4)
2026-01-02 21:58:04,571 [DEBUG] Backend: Полное обновление данных клиента '123344' (ID: 873d85cd-292a-4690-b058-40b14ae2b9d4)
2026-01-02 21:58:04,714 [DEBUG] Backend: Полное обновление данных клиента '123344' (ID: 873d85cd-292a-4690-b058-40b14ae2b9d4)
2026-01-02 21:58:04,956 [DEBUG] Backend: Полное обновление данных клиента '123344' (ID: 873d85cd-292a-4690-b058-40b14ae2b9d4)
2026-01-02 21:58:05,140 [DEBUG] Backend: Полное обновление данных клиента '123344' (ID: 873d85cd-292a-4690-b058-40b14ae2b9d4)
2026-01-02 21:58:05,240 [DEBUG] Backend: Полное обновление данных клиента '123344' (ID: 873d85cd-292a-4690-b058-40b14ae2b9d4)
2026-01-02 21:58:05,587 [DEBUG] Backend: Полное обновление данных клиента '123344' (ID: 873d85cd-292a-4690-b058-40b14ae2b9d4)
2026-01-02 21:58:05,809 [DEBUG] Backend: Полное обновление данных клиента '123344' (ID: 873d85cd-292a-4690-b058-40b14ae2b9d4)
2026-01-02 21:58:06,027 [DEBUG] Backend: Полное обновление данных клиента '123344' (ID: 873d85cd-292a-4690-b058-40b14ae2b9d4)
2026-01-02 21:58:06,252 [DEBUG] Backend: Полное обновление данных клиента '123344' (ID: 873d85cd-292a-4690-b058-40b14ae2b9d4)
2026-01-02 21:58:06,495 [DEBUG] Backend: Полное обновление данных клиента '123344' (ID: 873d85cd-292a-4690-b058-40b14ae2b9d4)
2026-01-02 21:58:06,695 [DEBUG] Backend: Полное обновление данных клиента '123344' (ID: 873d85cd-292a-4690-b058-40b14ae2b9d4)
2026-01-02 21:58:06,914 [DEBUG] Backend: Полное обновление данных клиента '123344' (ID: 873d85cd-292a-4690-b058-40b14ae2b9d4)
2026-01-02 21:58:07,107 [DEBUG] Backend: Полное обновление данных клиента '123344' (ID: 873d85cd-292a-4690-b058-40b14ae2b9d4)
2026-01-02 21:58:07,258 [DEBUG] Backend: Полное обновление данных клиента '123344' (ID: 873d85cd-292a-4690-b058-40b14ae2b9d4)
2026-01-02 21:58:07,475 [DEBUG] Backend: Полное обновление данных клиента '123344' (ID: 873d85cd-292a-4690-b058-40b14ae2b9d4)
2026-01-02 21:58:07,667 [DEBUG] Backend: Полное обновление данных клиента '123344' (ID: 873d85cd-292a-4690-b058-40b14ae2b9d4)
2026-01-02 21:58:07,902 [DEBUG] Backend: Полное обновление данных клиента '123344' (ID: 873d85cd-292a-4690-b058-40b14ae2b9d4)
2026-01-02 21:58:08,161 [DEBUG] Backend: Полное обновление данных клиента '123344' (ID: 873d85cd-292a-4690-b058-40b14ae2b9d4)
2026-01-02 21:58:08,411 [DEBUG] Backend: Полное обновление данных клиента '123344' (ID: 873d85cd-292a-4690-b058-40b14ae2b9d4)
2026-01-02 21:58:08,595 [DEBUG] Backend: Полное обновление данных клиента '123344' (ID: 873d85cd-292a-4690-b058-40b14ae2b9d4)
2026-01-02 21:58:08,746 [DEBUG] Backend: Полное обновление данных клиента '123344' (ID: 873d85cd-292a-4690-b058-40b14ae2b9d4)
2026-01-02 21:58:08,989 [DEBUG] Backend: Полное обновление данных клиента '123344' (ID: 873d85cd-292a-4690-b058-40b14ae2b9d4)
2026-01-02 21:58:09,206 [DEBUG] Backend: Полное обновление данных клиента '123344' (ID: 873d85cd-292a-4690-b058-40b14ae2b9d4)
2026-01-02 21:58:09,431 [DEBUG] Backend: Полное обновление данных клиента '123344' (ID: 873d85cd-292a-4690-b058-40b14ae2b9d4)
2026-01-02 21:58:09,633 [DEBUG] Backend: Полное обновление данных клиента '123344' (ID: 873d85cd-292a-4690-b058-40b14ae2b9d4)
2026-01-02 21:58:09,759 [DEBUG] Backend: Полное обновление данных клиента '123344' (ID: 873d85cd-292a-4690-b058-40b14ae2b9d4)
2026-01-02 21:58:09,992 [DEBUG] Backend: Полное обновление данных клиента '123344' (ID: 873d85cd-292a-4690-b058-40b14ae2b9d4)
2026-01-02 21:58:10,159 [DEBUG] Backend: Полное обновление данных клиента '123344' (ID: 873d85cd-292a-4690-b058-40b14ae2b9d4)
2026-01-02 21:58:10,252 [DEBUG] Backend: Полное обновление данных клиента '123344' (ID: 873d85cd-292a-4690-b058-40b14ae2b9d4)
2026-01-02 21:58:10,469 [DEBUG] Backend: Полное обновление данных клиента '123344' (ID: 873d85cd-292a-4690-b058-40b14ae2b9d4)
2026-01-02 21:58:10,653 [DEBUG] Backend: Полное обновление данных клиента '123344' (ID: 873d85cd-292a-4690-b058-40b14ae2b9d4)
2026-01-02 21:58:10,812 [DEBUG] Backend: Полное обновление данных клиента '123344' (ID: 873d85cd-292a-4690-b058-40b14ae2b9d4)
2026-01-02 21:58:10,963 [DEBUG] Backend: Полное обновление данных клиента '123344' (ID: 873d85cd-292a-4690-b058-40b14ae2b9d4)
2026-01-02 21:58:11,172 [DEBUG] Backend: Полное обновление данных клиента '123344' (ID: 873d85cd-292a-4690-b058-40b14ae2b9d4)
2026-01-02 21:58:11,282 [DEBUG] Backend: Полное обновление данных клиента '123344' (ID: 873d85cd-292a-4690-b058-40b14ae2b9d4)
2026-01-02 21:58:11,627 [DEBUG] Backend: Полное обновление данных клиента '123344' (ID: 873d85cd-292a-4690-b058-40b14ae2b9d4)
2026-01-02 21:58:11,884 [DEBUG] Backend: Полное обновление данных клиента '123344' (ID: 873d85cd-292a-4690-b058-40b14ae2b9d4)
2026-01-02 21:58:12,037 [DEBUG] Backend: Полное обновление данных клиента '123344' (ID: 873d85cd-292a-4690-b058-40b14ae2b9d4)
2026-01-02 21:58:12,203 [DEBUG] Backend: Полное обновление данных клиента '123344' (ID: 873d85cd-292a-4690-b058-40b14ae2b9d4)
2026-01-02 21:58:12,386 [DEBUG] Backend: Полное обновление данных клиента '123344' (ID: 873d85cd-292a-4690-b058-40b14ae2b9d4)
2026-01-02 21:58:12,662 [DEBUG] Backend: Полное обновление данных клиента '123344' (ID: 873d85cd-292a-4690-b058-40b14ae2b9d4)
2026-01-02 21:58:13,005 [DEBUG] Backend: Полное обновление данных клиента '123344' (ID: 873d85cd-292a-4690-b058-40b14ae2b9d4)
2026-01-02 21:58:13,204 [DEBUG] Backend: Полное обновление данных клиента '123344' (ID: 873d85cd-292a-4690-b058-40b14ae2b9d4)
2026-01-02 21:58:13,463 [DEBUG] Backend: Полное обновление данных клиента '123344' (ID: 873d85cd-292a-4690-b058-40b14ae2b9d4)
2026-01-02 21:58:13,672 [DEBUG] Backend: Полное обновление данных клиента '123344' (ID: 873d85cd-292a-4690-b058-40b14ae2b9d4)
2026-01-02 21:58:13,898 [DEBUG] Backend: Полное обновление данных клиента '123344' (ID: 873d85cd-292a-4690-b058-40b14ae2b9d4)
2026-01-02 21:58:14,107 [DEBUG] Backend: Полное обновление данных клиента '123344' (ID: 873d85cd-292a-4690-b058-40b14ae2b9d4)
2026-01-02 21:58:14,249 [DEBUG] Backend: Полное обновление данных клиента '123344' (ID: 873d85cd-292a-4690-b058-40b14ae2b9d4)
2026-01-02 21:58:14,434 [DEBUG] Backend: Полное обновление данных клиента '123344' (ID: 873d85cd-292a-4690-b058-40b14ae2b9d4)
2026-01-02 21:58:14,610 [DEBUG] Backend: Полное обновление данных клиента '123344' (ID: 873d85cd-292a-4690-b058-40b14ae2b9d4)
2026-01-02 21:58:14,818 [DEBUG] Backend: Полное обновление данных клиента '123344' (ID: 873d85cd-292a-4690-b058-40b14ae2b9d4)
2026-01-02 21:58:15,002 [DEBUG] Backend: Полное обновление данных клиента '123344' (ID: 873d85cd-292a-4690-b058-40b14ae2b9d4)
2026-01-02 21:58:15,128 [DEBUG] Backend: Полное обновление данных клиента '123344' (ID: 873d85cd-292a-4690-b058-40b14ae2b9d4)
2026-01-02 21:58:15,296 [DEBUG] Backend: Полное обновление данных клиента '123344' (ID: 873d85cd-292a-4690-b058-40b14ae2b9d4)
2026-01-02 21:58:15,693 [DEBUG] Backend: Полное обновление данных клиента '123344' (ID: 873d85cd-292a-4690-b058-40b14ae2b9d4)
2026-01-02 21:58:23,559 [DEBUG] Backend: Полное обновление данных клиента '123344' (ID: 873d85cd-292a-4690-b058-40b14ae2b9d4)
2026-01-02 21:58:23,708 [DEBUG] Backend: Полное обновление данных клиента '123344' (ID: 873d85cd-292a-4690-b058-40b14ae2b9d4)
2026-01-02 21:58:23,870 [DEBUG] Backend: Полное обновление данных клиента '123344' (ID: 873d85cd-292a-4690-b058-40b14ae2b9d4)
2026-01-02 21:58:24,018 [DEBUG] Backend: Полное обновление данных клиента '123344' (ID: 873d85cd-292a-4690-b058-40b14ae2b9d4)
2026-01-02 21:58:24,191 [DEBUG] Backend: Полное обновление данных клиента '123344' (ID: 873d85cd-292a-4690-b058-40b14ae2b9d4)
2026-01-02 21:58:24,454 [DEBUG] Backend: Полное обновление данных клиента '123344' (ID: 873d85cd-292a-4690-b058-40b14ae2b9d4)
2026-01-02 21:58:24,604 [DEBUG] Backend: Полное обновление данных клиента '123344' (ID: 873d85cd-292a-4690-b058-40b14ae2b9d4)
2026-01-02 21:58:24,754 [DEBUG] Backend: Полное обновление данных клиента '123344' (ID: 873d85cd-292a-4690-b058-40b14ae2b9d4)
2026-01-02 21:58:25,005 [DEBUG] Backend: Полное обновление данных клиента '123344' (ID: 873d85cd-292a-4690-b058-40b14ae2b9d4)
2026-01-02 21:58:25,156 [DEBUG] Backend: Полное обновление данных клиента '123344' (ID: 873d85cd-292a-4690-b058-40b14ae2b9d4)
2026-01-02 21:58:25,390 [DEBUG] Backend: Полное обновление данных клиента '123344' (ID: 873d85cd-292a-4690-b058-40b14ae2b9d4)
2026-01-02 21:58:25,599 [DEBUG] Backend: Полное обновление данных клиента '123344' (ID: 873d85cd-292a-4690-b058-40b14ae2b9d4)
2026-01-02 21:58:25,760 [DEBUG] Backend: Полное обновление данных клиента '123344' (ID: 873d85cd-292a-4690-b058-40b14ae2b9d4)
2026-01-02 21:58:26,035 [DEBUG] Backend: Полное обновление данных клиента '123344' (ID: 873d85cd-292a-4690-b058-40b14ae2b9d4)
2026-01-02 21:58:26,236 [DEBUG] Backend: Полное обновление данных клиента '123344' (ID: 873d85cd-292a-4690-b058-40b14ae2b9d4)
2026-01-02 21:58:26,428 [DEBUG] Backend: Полное обновление данных клиента '123344' (ID: 873d85cd-292a-4690-b058-40b14ae2b9d4)
2026-01-02 21:58:26,605 [DEBUG] Backend: Полное обновление данных клиента '123344' (ID: 873d85cd-292a-4690-b058-40b14ae2b9d4)
2026-01-02 21:58:26,746 [DEBUG] Backend: Полное обновление данных клиента '123344' (ID: 873d85cd-292a-4690-b058-40b14ae2b9d4)
2026-01-02 21:58:26,940 [DEBUG] Backend: Полное обновление данных клиента '123344' (ID: 873d85cd-292a-4690-b058-40b14ae2b9d4)
2026-01-02 21:58:27,174 [DEBUG] Backend: Полное обновление данных клиента '123344' (ID: 873d85cd-292a-4690-b058-40b14ae2b9d4)
2026-01-02 21:58:27,424 [DEBUG] Backend: Полное обновление данных клиента '123344' (ID: 873d85cd-292a-4690-b058-40b14ae2b9d4)
2026-01-02 21:58:27,592 [DEBUG] Backend: Полное обновление данных клиента '123344' (ID: 873d85cd-292a-4690-b058-40b14ae2b9d4)
2026-01-02 21:58:27,708 [DEBUG] Backend: Полное обновление данных клиента '123344' (ID: 873d85cd-292a-4690-b058-40b14ae2b9d4)
2026-01-02 21:58:27,951 [DEBUG] Backend: Полное обновление данных клиента '123344' (ID: 873d85cd-292a-4690-b058-40b14ae2b9d4)
2026-01-02 21:58:28,112 [DEBUG] Backend: Полное обновление данных клиента '123344' (ID: 873d85cd-292a-4690-b058-40b14ae2b9d4)
2026-01-02 21:58:28,254 [DEBUG] Backend: Полное обновление данных клиента '123344' (ID: 873d85cd-292a-4690-b058-40b14ae2b9d4)
2026-01-02 21:58:28,455 [DEBUG] Backend: Полное обновление данных клиента '123344' (ID: 873d85cd-292a-4690-b058-40b14ae2b9d4)
2026-01-02 21:58:28,594 [DEBUG] Backend: Полное обновление данных клиента '123344' (ID: 873d85cd-292a-4690-b058-40b14ae2b9d4)
2026-01-02 21:58:28,731 [DEBUG] Backend: Полное обновление данных клиента '123344' (ID: 873d85cd-292a-4690-b058-40b14ae2b9d4)
2026-01-02 21:58:29,018 [DEBUG] Backend: Полное обновление данных клиента '123344' (ID: 873d85cd-292a-4690-b058-40b14ae2b9d4)
2026-01-02 21:58:29,240 [DEBUG] Backend: Полное обновление данных клиента '123344' (ID: 873d85cd-292a-4690-b058-40b14ae2b9d4)
2026-01-02 21:58:29,408 [DEBUG] Backend: Полное обновление данных клиента '123344' (ID: 873d85cd-292a-4690-b058-40b14ae2b9d4)
2026-01-02 21:58:29,551 [DEBUG] Backend: Полное обновление данных клиента '123344' (ID: 873d85cd-292a-4690-b058-40b14ae2b9d4)
2026-01-02 21:58:29,692 [DEBUG] Backend: Полное обновление данных клиента '123344' (ID: 873d85cd-292a-4690-b058-40b14ae2b9d4)
2026-01-02 21:58:29,791 [DEBUG] Backend: Полное обновление данных клиента '123344' (ID: 873d85cd-292a-4690-b058-40b14ae2b9d4)
2026-01-02 21:58:29,994 [DEBUG] Backend: Полное обновление данных клиента '123344' (ID: 873d85cd-292a-4690-b058-40b14ae2b9d4)
2026-01-02 21:58:30,171 [DEBUG] Backend: Полное обновление данных клиента '123344' (ID: 873d85cd-292a-4690-b058-40b14ae2b9d4)
2026-01-02 21:58:30,297 [DEBUG] Backend: Полное обновление данных клиента '123344' (ID: 873d85cd-292a-4690-b058-40b14ae2b9d4)
2026-01-02 21:58:30,447 [DEBUG] Backend: Полное обновление данных клиента '123344' (ID: 873d85cd-292a-4690-b058-40b14ae2b9d4)
2026-01-02 21:58:30,606 [DEBUG] Backend: Полное обновление данных клиента '123344' (ID: 873d85cd-292a-4690-b058-40b14ae2b9d4)
2026-01-02 21:58:30,751 [DEBUG] Backend: Полное обновление данных клиента '123344' (ID: 873d85cd-292a-4690-b058-40b14ae2b9d4)
2026-01-02 21:58:30,900 [DEBUG] Backend: Полное обновление данных клиента '123344' (ID: 873d85cd-292a-4690-b058-40b14ae2b9d4)
2026-01-02 21:58:31,026 [DEBUG] Backend: Полное обновление данных клиента '123344' (ID: 873d85cd-292a-4690-b058-40b14ae2b9d4)
2026-01-02 21:58:31,226 [DEBUG] Backend: Полное обновление данных клиента '123344' (ID: 873d85cd-292a-4690-b058-40b14ae2b9d4)
2026-01-02 21:58:31,444 [DEBUG] Backend: Полное обновление данных клиента '123344' (ID: 873d85cd-292a-4690-b058-40b14ae2b9d4)
2026-01-02 21:58:31,635 [DEBUG] Backend: Полное обновление данных клиента '123344' (ID: 873d85cd-292a-4690-b058-40b14ae2b9d4)
2026-01-02 21:58:31,887 [DEBUG] Backend: Полное обновление данных клиента '123344' (ID: 873d85cd-292a-4690-b058-40b14ae2b9d4)
2026-01-02 21:58:32,020 [DEBUG] Backend: Полное обновление данных клиента '123344' (ID: 873d85cd-292a-4690-b058-40b14ae2b9d4)
2026-01-02 21:58:32,171 [DEBUG] Backend: Полное обновление данных клиента '123344' (ID: 873d85cd-292a-4690-b058-40b14ae2b9d4)
2026-01-02 21:58:32,536 [DEBUG] Backend: Полное обновление данных клиента '123344' (ID: 873d85cd-292a-4690-b058-40b14ae2b9d4)
2026-01-02 21:58:32,682 [DEBUG] Backend: Полное обновление данных клиента '123344' (ID: 873d85cd-292a-4690-b058-40b14ae2b9d4)
2026-01-02 21:58:32,807 [DEBUG] Backend: Полное обновление данных клиента '123344' (ID: 873d85cd-292a-4690-b058-40b14ae2b9d4)
2026-01-02 21:58:32,942 [DEBUG] Backend: Полное обновление данных клиента '123344' (ID: 873d85cd-292a-4690-b058-40b14ae2b9d4)
2026-01-02 21:58:33,059 [DEBUG] Backend: Полное обновление данных клиента '123344' (ID: 873d85cd-292a-4690-b058-40b14ae2b9d4)
2026-01-02 21:58:33,177 [DEBUG] Backend: Полное обновление данных клиента '123344' (ID: 873d85cd-292a-4690-b058-40b14ae2b9d4)
2026-01-02 21:58:33,286 [DEBUG] Backend: Полное обновление данных клиента '123344' (ID: 873d85cd-292a-4690-b058-40b14ae2b9d4)
2026-01-02 21:58:33,446 [DEBUG] Backend: Полное обновление данных клиента '123344' (ID: 873d85cd-292a-4690-b058-40b14ae2b9d4)
2026-01-02 21:58:33,620 [DEBUG] Backend: Полное обновление данных клиента '123344' (ID: 873d85cd-292a-4690-b058-40b14ae2b9d4)
2026-01-02 21:58:33,750 [DEBUG] Backend: Полное обновление данных клиента '123344' (ID: 873d85cd-292a-4690-b058-40b14ae2b9d4)
2026-01-02 21:58:33,904 [DEBUG] Backend: Полное обновление данных клиента '123344' (ID: 873d85cd-292a-4690-b058-40b14ae2b9d4)
2026-01-02 21:58:34,013 [DEBUG] Backend: Полное обновление данных клиента '123344' (ID: 873d85cd-292a-4690-b058-40b14ae2b9d4)
2026-01-02 21:58:34,157 [DEBUG] Backend: Полное обновление данных клиента '123344' (ID: 873d85cd-292a-4690-b058-40b14ae2b9d4)
2026-01-02 21:58:34,284 [DEBUG] Backend: Полное обновление данных клиента '123344' (ID: 873d85cd-292a-4690-b058-40b14ae2b9d4)
2026-01-02 21:58:34,425 [DEBUG] Backend: Полное обновление данных клиента '123344' (ID: 873d85cd-292a-4690-b058-40b14ae2b9d4)
2026-01-02 21:58:34,535 [DEBUG] Backend: Полное обновление данных клиента '123344' (ID: 873d85cd-292a-4690-b058-40b14ae2b9d4)
2026-01-02 21:58:34,701 [DEBUG] Backend: Полное обновление данных клиента '123344' (ID: 873d85cd-292a-4690-b058-40b14ae2b9d4)
2026-01-02 21:58:34,820 [DEBUG] Backend: Полное обновление данных клиента '123344' (ID: 873d85cd-292a-4690-b058-40b14ae2b9d4)
2026-01-02 21:58:34,944 [DEBUG] Backend: Полное обновление данных клиента '123344' (ID: 873d85cd-292a-4690-b058-40b14ae2b9d4)
2026-01-02 21:58:35,062 [DEBUG] Backend: Полное обновление данных клиента '123344' (ID: 873d85cd-292a-4690-b058-40b14ae2b9d4)
2026-01-02 21:58:35,179 [DEBUG] Backend: Полное обновление данных клиента '123344' (ID: 873d85cd-292a-4690-b058-40b14ae2b9d4)
2026-01-02 21:58:35,296 [DEBUG] Backend: Полное обновление данных клиента '123344' (ID: 873d85cd-292a-4690-b058-40b14ae2b9d4)
2026-01-02 21:58:35,473 [DEBUG] Backend: Полное обновление данных клиента '123344' (ID: 873d85cd-292a-4690-b058-40b14ae2b9d4)
2026-01-02 21:58:35,581 [DEBUG] Backend: Полное обновление данных клиента '123344' (ID: 873d85cd-292a-4690-b058-40b14ae2b9d4)
2026-01-02 21:58:35,710 [DEBUG] Backend: Полное обновление данных клиента '123344' (ID: 873d85cd-292a-4690-b058-40b14ae2b9d4)
2026-01-02 21:58:35,892 [DEBUG] Backend: Полное обновление данных клиента '123344' (ID: 873d85cd-292a-4690-b058-40b14ae2b9d4)
2026-01-02 21:58:36,010 [DEBUG] Backend: Полное обновление данных клиента '123344' (ID: 873d85cd-292a-4690-b058-40b14ae2b9d4)
2026-01-02 21:58:36,143 [DEBUG] Backend: Полное обновление данных клиента '123344' (ID: 873d85cd-292a-4690-b058-40b14ae2b9d4)
2026-01-02 21:58:36,291 [DEBUG] Backend: Полное обновление данных клиента '123344' (ID: 873d85cd-292a-4690-b058-40b14ae2b9d4)
2026-01-02 21:58:36,532 [DEBUG] Backend: Полное обновление данных клиента '123344' (ID: 873d85cd-292a-4690-b058-40b14ae2b9d4)
2026-01-02 21:58:36,761 [DEBUG] Backend: Полное обновление данных клиента '123344' (ID: 873d85cd-292a-4690-b058-40b14ae2b9d4)
2026-01-02 21:58:42,320 [DEBUG] Backend: Полное обновление данных клиента '123344' (ID: 873d85cd-292a-4690-b058-40b14ae2b9d4)
2026-01-02 21:58:43,762 [DEBUG] Backend: Полное обновление данных клиента '123344' (ID: 873d85cd-292a-4690-b058-40b14ae2b9d4)
2026-01-02 21:58:43,954 [DEBUG] Backend: Полное обновление данных клиента '123344' (ID: 873d85cd-292a-4690-b058-40b14ae2b9d4)
2026-01-02 21:58:44,181 [DEBUG] Backend: Полное обновление данных клиента '123344' (ID: 873d85cd-292a-4690-b058-40b14ae2b9d4)
2026-01-02 21:58:44,440 [DEBUG] Backend: Полное обновление данных клиента '123344' (ID: 873d85cd-292a-4690-b058-40b14ae2b9d4)
2026-01-02 21:58:44,616 [DEBUG] Backend: Полное обновление данных клиента '123344' (ID: 873d85cd-292a-4690-b058-40b14ae2b9d4)
2026-01-02 21:58:45,459 [DEBUG] Backend: Полное обновление данных клиента '123344' (ID: 873d85cd-292a-4690-b058-40b14ae2b9d4)
2026-01-02 21:58:45,642 [DEBUG] Backend: Полное обновление данных клиента '123344' (ID: 873d85cd-292a-4690-b058-40b14ae2b9d4)
2026-01-02 21:58:45,868 [DEBUG] Backend: Полное обновление данных клиента '123344' (ID: 873d85cd-292a-4690-b058-40b14ae2b9d4)
2026-01-02 21:58:49,886 [DEBUG] Backend: Полное обновление данных клиента '123344' (ID: 873d85cd-292a-4690-b058-40b14ae2b9d4)
2026-01-02 21:58:50,079 [DEBUG] Backend: Полное обновление данных клиента '123344' (ID: 873d85cd-292a-4690-b058-40b14ae2b9d4)
2026-01-02 21:58:50,255 [DEBUG] Backend: Полное обновление данных клиента '123344' (ID: 873d85cd-292a-4690-b058-40b14ae2b9d4)
2026-01-02 21:58:50,480 [DEBUG] Backend: Полное обновление данных клиента '123344' (ID: 873d85cd-292a-4690-b058-40b14ae2b9d4)
2026-01-02 21:58:50,691 [DEBUG] Backend: Полное обновление данных клиента '123344' (ID: 873d85cd-292a-4690-b058-40b14ae2b9d4)
2026-01-02 21:58:50,842 [DEBUG] Backend: Полное обновление данных клиента '123344' (ID: 873d85cd-292a-4690-b058-40b14ae2b9d4)
2026-01-02 21:58:51,028 [DEBUG] Backend: Полное обновление данных клиента '123344' (ID: 873d85cd-292a-4690-b058-40b14ae2b9d4)
2026-01-02 21:58:51,243 [DEBUG] Backend: Полное обновление данных клиента '123344' (ID: 873d85cd-292a-4690-b058-40b14ae2b9d4)
2026-01-02 22:00:19,861 [DEBUG] Backend: Полное обновление данных клиента 'Dilbar Sherikkyzy' (ID: 2c4b5167-b57c-474f-8830-b4834aa604cb)
2026-01-02 22:00:48,149 [INFO] Widgets: Изменена дата заказа 3d487ce9-7590-46be-b5b9-2955c4e78ce2: 28.11.2025 23:25
2026-01-02 22:00:48,693 [DEBUG] Backend: Полное обновление данных клиента 'Dilbar Sherikkyzy' (ID: 2c4b5167-b57c-474f-8830-b4834aa604cb)
2026-01-02 22:00:48,714 [INFO] Widgets: Изменена дата заказа 3d487ce9-7590-46be-b5b9-2955c4e78ce2: 29.11.2025 23:25
2026-01-02 22:00:49,503 [DEBUG] Backend: Полное обновление данных клиента 'Dilbar Sherikkyzy' (ID: 2c4b5167-b57c-474f-8830-b4834aa604cb)
2026-01-02 22:01:12,277 [DEBUG] Backend: Полное обновление данных клиента 'Dilbar Sherikkyzy' (ID: 2c4b5167-b57c-474f-8830-b4834aa604cb)
2026-01-02 22:01:30,268 [DEBUG] Backend: Полное обновление данных клиента 'Dilbar Sherikkyzy' (ID: 2c4b5167-b57c-474f-8830-b4834aa604cb)
