2026-01-03 00:46:21,961 [INFO] MainWindow: Инициализация приложения
2026-01-03 00:46:21,972 [INFO] SQLiteStorage: SQLite: Database initialized successfully.
2026-01-03 00:46:25,825 [INFO] Backend: Безопасность настроена, пароль не требуется. Загружаем данные.
2026-01-03 00:46:25,835 [INFO] Backend: Загружено клиентов: 3
2026-01-03 00:46:25,835 [INFO] MainWindow: handle_security_request вызван с request_type='data_loaded'
2026-01-03 00:46:25,836 [INFO] MainWindow: Данные загружены, обновляем UI
2026-01-03 00:46:25,836 [INFO] MainWindow: refresh_list: Начинаем обновление списка. Всего клиентов: 3
2026-01-03 00:46:25,836 [INFO] MainWindow: refresh_list: Имена клиентов: ['аня', 'ф', 'х']
2026-01-03 00:46:25,836 [INFO] MainWindow: refresh_list: Список очищен
2026-01-03 00:46:25,836 [INFO] MainWindow: refresh_list: db_info обновлён: 'Клиентов: 3'
2026-01-03 00:46:25,836 [DEBUG] MainWindow: refresh_list: Добавлен клиент в список: 'аня' (ID: d99e6025-015c-4de3-aaa2-3ef6c146038b)
2026-01-03 00:46:25,836 [DEBUG] MainWindow: refresh_list: Добавлен клиент в список: 'ф' (ID: e33c0144-cb67-44ca-af76-0d45eff5bea7)
2026-01-03 00:46:25,836 [DEBUG] MainWindow: refresh_list: Добавлен клиент в список: 'х' (ID: 0a08ee60-d13f-4d64-af03-553e9b16ca40)
2026-01-03 00:46:25,836 [INFO] MainWindow: refresh_list: Добавлено элементов в список: 3, cl_list.count() = 3
2026-01-03 00:47:20,822 [INFO] SQLiteStorage: SQLiteStorage.add_client: Добавляем клиента ID=0a08ee60-d13f-4d64-af03-553e9b16ca40, name='х'
2026-01-03 00:47:20,823 [DEBUG] SQLiteStorage: Зашифрованное имя клиента: х...
2026-01-03 00:47:20,824 [INFO] SQLiteStorage: SQLiteStorage.add_client: Клиент успешно добавлен в БД
2026-01-03 00:47:20,824 [DEBUG] Backend: Полное обновление данных клиента 'х' (ID: 0a08ee60-d13f-4d64-af03-553e9b16ca40)
2026-01-03 01:05:34,541 [INFO] MainWindow: Инициализация приложения
2026-01-03 01:05:34,543 [INFO] SQLiteStorage: SQLite: Database initialized successfully.
2026-01-03 01:05:34,896 [INFO] Backend: Безопасность настроена, пароль не требуется. Загружаем данные.
2026-01-03 01:05:34,905 [INFO] Backend: Загружено клиентов: 3
2026-01-03 01:05:34,905 [INFO] MainWindow: handle_security_request вызван с request_type='data_loaded'
2026-01-03 01:05:34,906 [INFO] MainWindow: Данные загружены, обновляем UI
2026-01-03 01:05:34,906 [INFO] MainWindow: refresh_list: Начинаем обновление списка. Всего клиентов: 3
2026-01-03 01:05:34,906 [INFO] MainWindow: refresh_list: Имена клиентов: ['аня', 'ф', 'х']
2026-01-03 01:05:34,906 [INFO] MainWindow: refresh_list: Список очищен
2026-01-03 01:05:34,906 [INFO] MainWindow: refresh_list: db_info обновлён: 'Клиентов: 3'
2026-01-03 01:05:34,906 [DEBUG] MainWindow: refresh_list: Добавлен клиент в список: 'аня' (ID: d99e6025-015c-4de3-aaa2-3ef6c146038b)
2026-01-03 01:05:34,906 [DEBUG] MainWindow: refresh_list: Добавлен клиент в список: 'ф' (ID: e33c0144-cb67-44ca-af76-0d45eff5bea7)
2026-01-03 01:05:34,906 [DEBUG] MainWindow: refresh_list: Добавлен клиент в список: 'х' (ID: 0a08ee60-d13f-4d64-af03-553e9b16ca40)
2026-01-03 01:05:34,906 [INFO] MainWindow: refresh_list: Добавлено элементов в список: 3, cl_list.count() = 3
2026-01-03 01:06:37,487 [INFO] MainWindow: refresh_list: Начинаем обновление списка. Всего клиентов: 6
2026-01-03 01:06:37,487 [INFO] MainWindow: refresh_list: Имена клиентов: ['аня', 'ф', 'х', 'Artush Poleyan', 'Daniel Francisco', 'Dilbar Sherikkyzy']
2026-01-03 01:06:37,489 [INFO] MainWindow: refresh_list: Список очищен
2026-01-03 01:06:37,490 [INFO] MainWindow: refresh_list: db_info обновлён: 'Клиентов: 6'
2026-01-03 01:06:37,492 [DEBUG] MainWindow: refresh_list: Добавлен клиент в список: 'аня' (ID: d99e6025-015c-4de3-aaa2-3ef6c146038b)
2026-01-03 01:06:37,494 [DEBUG] MainWindow: refresh_list: Добавлен клиент в список: 'ф' (ID: e33c0144-cb67-44ca-af76-0d45eff5bea7)
2026-01-03 01:06:37,496 [DEBUG] MainWindow: refresh_list: Добавлен клиент в список: 'х' (ID: 0a08ee60-d13f-4d64-af03-553e9b16ca40)
2026-01-03 01:06:37,498 [DEBUG] MainWindow: refresh_list: Добавлен клиент в список: 'Artush Poleyan' (ID: 992c0922-0884-4221-ad76-689948163969)
2026-01-03 01:06:37,500 [DEBUG] MainWindow: refresh_list: Добавлен клиент в список: 'Daniel Francisco' (ID: f15d88c9-899d-471b-aab3-33fae6acf17d)
2026-01-03 01:06:37,502 [DEBUG] MainWindow: refresh_list: Добавлен клиент в список: 'Dilbar Sherikkyzy' (ID: 8a26b516-c070-4b18-a2d3-b05c59388295)
2026-01-03 01:06:37,503 [INFO] MainWindow: refresh_list: Добавлено элементов в список: 6, cl_list.count() = 6
2026-01-03 01:45:59,339 [INFO] MainWindow: Инициализация приложения
2026-01-03 01:45:59,341 [INFO] SQLiteStorage: SQLite: Database initialized successfully.
2026-01-03 01:47:28,709 [INFO] MainWindow: Инициализация приложения
2026-01-03 01:47:28,711 [INFO] SQLiteStorage: SQLite: Database initialized successfully.
2026-01-03 01:47:29,007 [INFO] Backend: Безопасность настроена, пароль не требуется. Загружаем данные.
2026-01-03 01:47:29,024 [INFO] Backend: Загружено клиентов: 3
2026-01-03 01:47:29,024 [INFO] MainWindow: handle_security_request вызван с request_type='data_loaded'
2026-01-03 01:47:29,024 [INFO] MainWindow: Данные загружены, обновляем UI
2026-01-03 01:47:29,024 [INFO] MainWindow: refresh_list: Начинаем обновление списка. Всего клиентов: 3
2026-01-03 01:47:29,024 [INFO] MainWindow: refresh_list: Имена клиентов: ['аня', 'ф', 'х']
2026-01-03 01:47:29,024 [INFO] MainWindow: refresh_list: Список очищен
2026-01-03 01:47:29,024 [INFO] MainWindow: refresh_list: db_info обновлён: 'Клиентов: 3'
2026-01-03 01:47:29,024 [DEBUG] MainWindow: refresh_list: Добавлен клиент в список: 'аня' (ID: d99e6025-015c-4de3-aaa2-3ef6c146038b)
2026-01-03 01:47:29,024 [DEBUG] MainWindow: refresh_list: Добавлен клиент в список: 'ф' (ID: e33c0144-cb67-44ca-af76-0d45eff5bea7)
2026-01-03 01:47:29,024 [DEBUG] MainWindow: refresh_list: Добавлен клиент в список: 'х' (ID: 0a08ee60-d13f-4d64-af03-553e9b16ca40)
2026-01-03 01:47:29,024 [INFO] MainWindow: refresh_list: Добавлено элементов в список: 3, cl_list.count() = 3
2026-01-03 01:47:54,381 [INFO] Backend: Удален клиент: х (ID: 0a08ee60-d13f-4d64-af03-553e9b16ca40)
2026-01-03 01:47:54,382 [INFO] MainWindow: refresh_list: Начинаем обновление списка. Всего клиентов: 2
2026-01-03 01:47:54,382 [INFO] MainWindow: refresh_list: Имена клиентов: ['аня', 'ф']
2026-01-03 01:47:54,382 [INFO] MainWindow: refresh_list: Список очищен
2026-01-03 01:47:54,382 [INFO] MainWindow: refresh_list: db_info обновлён: 'Клиентов: 2'
2026-01-03 01:47:54,382 [DEBUG] MainWindow: refresh_list: Добавлен клиент в список: 'аня' (ID: d99e6025-015c-4de3-aaa2-3ef6c146038b)
2026-01-03 01:47:54,382 [DEBUG] MainWindow: refresh_list: Добавлен клиент в список: 'ф' (ID: e33c0144-cb67-44ca-af76-0d45eff5bea7)
2026-01-03 01:47:54,382 [INFO] MainWindow: refresh_list: Добавлено элементов в список: 2, cl_list.count() = 2
