2025-12-29 22:24:45,814 [INFO] MainWindow: Инициализация приложения
2025-12-29 22:24:45,815 [INFO] MainWindow: Загружено клиентов: 2
2025-12-29 22:25:42,604 [INFO] MainWindow: Инициализация приложения
2025-12-29 22:25:42,605 [INFO] MainWindow: Загружено клиентов: 2
2025-12-29 22:29:58,411 [INFO] MainWindow: Инициализация приложения
2025-12-29 22:29:58,412 [INFO] MainWindow: Загружено клиентов: 2
2025-12-29 22:37:23,365 [INFO] MainWindow: Инициализация приложения
2025-12-29 22:37:23,366 [INFO] MainWindow: Загружено клиентов: 2
2025-12-29 22:38:43,698 [INFO] MainWindow: Инициализация приложения
2025-12-29 22:38:43,699 [INFO] MainWindow: Загружено клиентов: 2
2025-12-29 22:46:13,932 [INFO] MainWindow: Инициализация приложения
2025-12-29 22:46:13,932 [INFO] MainWindow: Загружено клиентов: 2
2025-12-29 22:46:26,174 [INFO] Widgets: Изменена дата заказа 63d9f44d-e37d-49ef-b6a0-9584c9b33659: 27.12.2025 20:12
2025-12-29 22:48:32,366 [INFO] MainWindow: Инициализация приложения
2025-12-29 22:48:32,375 [INFO] MainWindow: Загружено клиентов: 2
2025-12-29 22:56:36,003 [INFO] MainWindow: Инициализация приложения
2025-12-29 22:56:36,003 [INFO] MainWindow: Загружено клиентов: 2
2025-12-29 22:59:30,986 [INFO] MainWindow: Инициализация приложения
2025-12-29 22:59:30,986 [INFO] MainWindow: Загружено клиентов: 2
2025-12-29 23:03:46,448 [INFO] MainWindow: Инициализация приложения
2025-12-29 23:03:46,449 [INFO] MainWindow: Загружено клиентов: 2
2025-12-29 23:06:10,915 [INFO] MainWindow: Инициализация приложения
2025-12-29 23:06:10,915 [INFO] MainWindow: Загружено клиентов: 2
2025-12-29 23:09:55,447 [INFO] MainWindow: Инициализация приложения
2025-12-29 23:09:55,448 [INFO] MainWindow: Загружено клиентов: 2
2025-12-29 23:12:00,004 [INFO] MainWindow: Инициализация приложения
2025-12-29 23:12:00,004 [INFO] MainWindow: Загружено клиентов: 2
2025-12-29 23:13:02,894 [INFO] MainWindow: Инициализация приложения
2025-12-29 23:13:02,895 [INFO] MainWindow: Загружено клиентов: 2
2025-12-29 23:14:50,310 [INFO] MainWindow: Инициализация приложения
2025-12-29 23:14:50,311 [INFO] MainWindow: Загружено клиентов: 2
2025-12-29 23:21:40,381 [INFO] MainWindow: Инициализация приложения
2025-12-29 23:21:40,382 [INFO] MainWindow: Загружено клиентов: 2
2025-12-29 23:24:21,911 [INFO] MainWindow: Инициализация приложения
2025-12-29 23:24:21,912 [INFO] MainWindow: Загружено клиентов: 2
2025-12-29 23:27:14,554 [INFO] MainWindow: Инициализация приложения
2025-12-29 23:27:14,554 [INFO] MainWindow: Загружено клиентов: 2
2025-12-29 23:27:29,843 [INFO] Widgets: Изменен срок заказа 63d9f44d-e37d-49ef-b6a0-9584c9b33659: 31.12.2026
2025-12-29 23:30:44,441 [INFO] MainWindow: Инициализация приложения
2025-12-29 23:30:44,446 [INFO] MainWindow: Загружено клиентов: 2
2025-12-29 23:32:05,728 [INFO] MainWindow: Инициализация приложения
2025-12-29 23:32:05,728 [INFO] MainWindow: Загружено клиентов: 2
2025-12-29 23:36:04,200 [INFO] MainWindow: Инициализация приложения
2025-12-29 23:36:04,201 [INFO] MainWindow: Загружено клиентов: 2
2025-12-29 23:43:03,168 [INFO] MainWindow: Инициализация приложения
2025-12-29 23:43:03,169 [INFO] MainWindow: Загружено клиентов: 2
2025-12-29 23:45:38,818 [INFO] MainWindow: Инициализация приложения
2025-12-29 23:45:38,818 [INFO] MainWindow: Загружено клиентов: 2
2025-12-29 23:46:23,044 [ERROR] Dialogs: Ошибка переноса базы данных: [WinError 32] Процесс не может получить доступ к файлу, так как этот файл занят другим процессом
Traceback (most recent call last):
  File "A:\clienty\src\dialogs.py", line 931, in change_database_location
    shutil.copy2(self.parent.storage.path, new_db_path)
    ~~~~~~~~~~~~^^^^^^^^^^^^^^^^^^^^^^^^^^^^^^^^^^^^^^^
  File "C:\Program Files\Python314\Lib\shutil.py", line 514, in copy2
    _winapi.CopyFile2(src_, dst_, flags)
    ~~~~~~~~~~~~~~~~~^^^^^^^^^^^^^^^^^^^
PermissionError: [WinError 32] Процесс не может получить доступ к файлу, так как этот файл занят другим процессом
2025-12-29 23:49:10,103 [INFO] MainWindow: Инициализация приложения
2025-12-29 23:49:10,105 [INFO] MainWindow: Загружено клиентов: 2
2025-12-29 23:50:53,653 [INFO] MainWindow: Инициализация приложения
2025-12-29 23:50:53,654 [INFO] MainWindow: Загружено клиентов: 2
2025-12-29 23:53:45,205 [INFO] MainWindow: Инициализация приложения
2025-12-29 23:53:45,206 [INFO] MainWindow: Загружено клиентов: 2
2025-12-29 23:55:23,767 [INFO] MainWindow: Инициализация приложения
2025-12-29 23:55:23,768 [INFO] MainWindow: Загружено клиентов: 2
2025-12-29 23:56:51,557 [INFO] MainWindow: Инициализация приложения
2025-12-29 23:56:51,557 [INFO] MainWindow: Загружено клиентов: 2
2025-12-29 23:58:17,841 [INFO] MainWindow: Инициализация приложения
2025-12-29 23:58:17,842 [INFO] MainWindow: Загружено клиентов: 2
2025-12-29 23:59:56,994 [INFO] MainWindow: Инициализация приложения
2025-12-29 23:59:56,995 [INFO] MainWindow: Загружено клиентов: 2
2025-12-30 00:01:36,504 [INFO] Widgets: Изменена дата заказа 66c6cb63-bc7d-4b26-a75d-e4f895bf960a: 29.12.2025 00:01
2025-12-30 00:01:37,062 [INFO] Widgets: Изменена дата заказа 66c6cb63-bc7d-4b26-a75d-e4f895bf960a: 28.12.2025 00:01
2025-12-30 00:01:37,096 [INFO] Widgets: Изменена дата заказа 66c6cb63-bc7d-4b26-a75d-e4f895bf960a: 27.12.2025 00:01
2025-12-30 00:01:37,128 [INFO] Widgets: Изменена дата заказа 66c6cb63-bc7d-4b26-a75d-e4f895bf960a: 26.12.2025 00:01
2025-12-30 00:01:37,687 [INFO] Widgets: Изменена дата заказа 66c6cb63-bc7d-4b26-a75d-e4f895bf960a: 27.12.2025 00:01
2025-12-30 00:01:37,718 [INFO] Widgets: Изменена дата заказа 66c6cb63-bc7d-4b26-a75d-e4f895bf960a: 28.12.2025 00:01
2025-12-30 00:01:37,744 [INFO] Widgets: Изменена дата заказа 66c6cb63-bc7d-4b26-a75d-e4f895bf960a: 29.12.2025 00:01
2025-12-30 00:01:37,790 [INFO] Widgets: Изменена дата заказа 66c6cb63-bc7d-4b26-a75d-e4f895bf960a: 30.12.2025 00:01
2025-12-30 00:01:42,112 [INFO] Widgets: Изменена дата заказа 66c6cb63-bc7d-4b26-a75d-e4f895bf960a: 29.12.2025 00:01
2025-12-30 00:01:42,157 [INFO] Widgets: Изменена дата заказа 66c6cb63-bc7d-4b26-a75d-e4f895bf960a: 28.12.2025 00:01
2025-12-30 00:01:42,672 [INFO] Widgets: Изменена дата заказа 66c6cb63-bc7d-4b26-a75d-e4f895bf960a: 29.12.2025 00:01
2025-12-30 00:01:42,693 [INFO] Widgets: Изменена дата заказа 66c6cb63-bc7d-4b26-a75d-e4f895bf960a: 30.12.2025 00:01
2025-12-30 00:01:42,714 [INFO] Widgets: Изменена дата заказа 66c6cb63-bc7d-4b26-a75d-e4f895bf960a: 31.12.2025 00:01
