2025-12-31 00:12:21,619 [INFO] MainWindow: Инициализация приложения
2025-12-31 00:12:21,635 [INFO] MainWindow: Загружено клиентов: 2
2025-12-31 00:13:19,936 [INFO] MainWindow: Добавлен новый клиент: 3 (ID: 64e48925-7af5-4c41-bb3f-b8fc41c9bca2)
2025-12-31 12:01:55,803 [INFO] MainWindow: Инициализация приложения
2025-12-31 12:01:55,804 [INFO] MainWindow: Загружено клиентов: 0
2025-12-31 12:02:03,318 [INFO] MainWindow: Добавлен новый клиент: Инна (ID: 4356d14a-7976-4f99-aad2-39e3290df42f)
2025-12-31 12:10:08,780 [INFO] MainWindow: Инициализация приложения
2025-12-31 12:10:08,788 [INFO] MainWindow: Загружено клиентов: 1
2025-12-31 12:16:11,316 [INFO] MainWindow: Инициализация приложения
2025-12-31 12:16:11,316 [INFO] MainWindow: Загружено клиентов: 1
2025-12-31 12:19:56,109 [INFO] MainWindow: Инициализация приложения
2025-12-31 12:19:56,110 [INFO] MainWindow: Загружено клиентов: 1
2025-12-31 12:21:53,463 [INFO] MainWindow: Инициализация приложения
2025-12-31 12:21:53,463 [INFO] MainWindow: Загружено клиентов: 1
2025-12-31 12:24:19,971 [INFO] MainWindow: Инициализация приложения
2025-12-31 12:24:19,972 [INFO] MainWindow: Загружено клиентов: 1
2025-12-31 12:26:42,557 [INFO] MainWindow: Инициализация приложения
2025-12-31 12:26:42,558 [INFO] MainWindow: Загружено клиентов: 1
2025-12-31 12:29:23,488 [INFO] MainWindow: Инициализация приложения
2025-12-31 12:29:23,489 [INFO] MainWindow: Загружено клиентов: 1
2025-12-31 12:30:32,313 [INFO] MainWindow: Инициализация приложения
2025-12-31 12:30:32,313 [INFO] MainWindow: Загружено клиентов: 1
2025-12-31 12:36:43,870 [INFO] MainWindow: Инициализация приложения
2025-12-31 12:36:43,870 [INFO] MainWindow: Загружено клиентов: 1
2025-12-31 12:38:06,703 [INFO] MainWindow: Инициализация приложения
2025-12-31 12:38:06,704 [INFO] MainWindow: Загружено клиентов: 1
2025-12-31 12:40:11,173 [INFO] MainWindow: Инициализация приложения
2025-12-31 12:40:11,174 [INFO] MainWindow: Загружено клиентов: 1
2025-12-31 12:42:54,232 [INFO] MainWindow: Инициализация приложения
2025-12-31 12:42:54,233 [INFO] MainWindow: Загружено клиентов: 1
2025-12-31 12:50:01,624 [INFO] MainWindow: Инициализация приложения
2025-12-31 12:50:01,625 [INFO] MainWindow: Загружено клиентов: 1
2025-12-31 12:54:08,066 [INFO] MainWindow: Инициализация приложения
2025-12-31 12:54:08,067 [INFO] MainWindow: Загружено клиентов: 1
2025-12-31 13:02:31,276 [INFO] MainWindow: Инициализация приложения
2025-12-31 13:02:31,277 [INFO] MainWindow: Загружено клиентов: 1
2025-12-31 13:34:39,008 [INFO] MainWindow: Инициализация приложения
2025-12-31 13:34:39,008 [INFO] MainWindow: Загружено клиентов: 1
2025-12-31 13:57:41,444 [INFO] MainWindow: Инициализация приложения
2025-12-31 13:57:41,444 [INFO] MainWindow: Загружено клиентов: 1
2025-12-31 14:05:49,153 [INFO] MainWindow: Добавлен новый заказ для Инна: Монтаж звука (ID: 5f6f9870-d691-4261-9150-e010ebaedc5a)
2025-12-31 14:11:38,195 [INFO] MainWindow: Инициализация приложения
2025-12-31 14:11:38,204 [INFO] MainWindow: Загружено клиентов: 1
2025-12-31 14:13:20,584 [INFO] MainWindow: Инициализация приложения
2025-12-31 14:13:20,584 [INFO] MainWindow: Загружено клиентов: 1
2025-12-31 14:15:38,300 [INFO] MainWindow: Инициализация приложения
2025-12-31 14:15:38,301 [INFO] MainWindow: Загружено клиентов: 1
2025-12-31 14:18:25,856 [INFO] MainWindow: Инициализация приложения
2025-12-31 14:18:25,856 [INFO] MainWindow: Загружено клиентов: 1
2025-12-31 14:20:16,526 [INFO] MainWindow: Инициализация приложения
2025-12-31 14:20:16,527 [INFO] MainWindow: Загружено клиентов: 1
2025-12-31 14:23:15,738 [INFO] MainWindow: Инициализация приложения
2025-12-31 14:23:15,738 [INFO] MainWindow: Загружено клиентов: 1
2025-12-31 14:25:08,645 [INFO] MainWindow: Инициализация приложения
2025-12-31 14:25:08,645 [INFO] MainWindow: Загружено клиентов: 1
2025-12-31 14:31:15,933 [INFO] MainWindow: Инициализация приложения
2025-12-31 14:31:15,934 [INFO] MainWindow: Загружено клиентов: 1
2025-12-31 14:32:40,306 [INFO] Widgets: Добавлен платеж: 50000.0 (платеж) для заказа Монтаж звука
2025-12-31 14:33:26,317 [INFO] MainWindow: Инициализация приложения
2025-12-31 14:33:26,327 [INFO] MainWindow: Загружено клиентов: 1
2025-12-31 14:35:25,633 [INFO] MainWindow: Инициализация приложения
2025-12-31 14:35:25,634 [INFO] MainWindow: Загружено клиентов: 1
2025-12-31 14:37:30,167 [INFO] MainWindow: Инициализация приложения
2025-12-31 14:37:30,169 [INFO] MainWindow: Загружено клиентов: 1
2025-12-31 14:40:41,395 [INFO] Widgets: Добавлен платеж: 10000.0 (корректировка) для заказа Монтаж звука
2025-12-31 15:11:26,385 [INFO] MainWindow: Инициализация приложения
2025-12-31 15:11:26,395 [INFO] MainWindow: Загружено клиентов: 1
2025-12-31 15:13:45,217 [INFO] MainWindow: Инициализация приложения
2025-12-31 15:13:45,222 [INFO] MainWindow: Загружено клиентов: 1
2025-12-31 15:32:50,757 [INFO] MainWindow: Инициализация приложения
2025-12-31 15:32:50,765 [INFO] MainWindow: Загружено клиентов: 1
2025-12-31 16:33:09,931 [INFO] MainWindow: Инициализация приложения
2025-12-31 16:33:09,939 [INFO] MainWindow: Загружено клиентов: 1
2025-12-31 16:41:17,129 [INFO] MainWindow: Инициализация приложения
2025-12-31 16:41:17,139 [INFO] MainWindow: Загружено клиентов: 1
2025-12-31 16:43:57,881 [INFO] Widgets: Добавлен платеж: 100.0 (корректировка) для заказа Монтаж звука
2025-12-31 16:44:14,932 [INFO] Widgets: Добавлен платеж: -100.0 (корректировка) для заказа Монтаж звука
2025-12-31 16:45:08,643 [INFO] Widgets: Добавлен платеж: -500.0 (корректировка) для заказа Монтаж звука
2025-12-31 16:46:22,395 [INFO] Widgets: Добавлен платеж: 500.0 (корректировка) для заказа Монтаж звука
2025-12-31 16:51:23,983 [INFO] MainWindow: Инициализация приложения
2025-12-31 16:51:23,991 [INFO] MainWindow: Загружено клиентов: 1
2025-12-31 16:52:24,338 [INFO] MainWindow: Инициализация приложения
2025-12-31 16:52:24,339 [INFO] MainWindow: Загружено клиентов: 1
2025-12-31 17:43:44,535 [INFO] MainWindow: Инициализация приложения
2025-12-31 17:43:44,535 [INFO] MainWindow: Загружено клиентов: 1
2025-12-31 17:46:10,670 [INFO] Widgets: Изменена дата заказа 1094be42-2449-4fb5-b846-ba528f5f5ee3: 30.12.2025 17:44
2025-12-31 17:46:10,696 [INFO] Widgets: Изменена дата заказа 1094be42-2449-4fb5-b846-ba528f5f5ee3: 29.12.2025 17:44
2025-12-31 17:46:10,722 [INFO] Widgets: Изменена дата заказа 1094be42-2449-4fb5-b846-ba528f5f5ee3: 28.12.2025 17:44
2025-12-31 17:46:10,759 [INFO] Widgets: Изменена дата заказа 1094be42-2449-4fb5-b846-ba528f5f5ee3: 27.12.2025 17:44
2025-12-31 17:46:10,815 [INFO] Widgets: Изменена дата заказа 1094be42-2449-4fb5-b846-ba528f5f5ee3: 26.12.2025 17:44
2025-12-31 17:46:29,420 [INFO] Widgets: Удаление заказа: 1 (ID: 1094be42-2449-4fb5-b846-ba528f5f5ee3)
